==> 0001_scheduling.sql
==> 0002_app_role.sql
==> 0003_appointment_resources.sql
==> 0004_public_slug_lookup.sql
==> 0005_identity.sql
==> 0006_guest_booking.sql
==> 0007_public_profile.sql
==> 0008_change_window.sql
==> 0009_block_exception.sql
==> 0010_block_needs_range.sql
==> 0011_combo_sold_as_service.sql
==> 0012_staff.sql
==> 0013_onboarding.sql
==> 0014_attendance.sql
==> 0015_counter_search.sql
==> 0016_rbac.sql
==> 0017_fila.sql
==> 0018_comanda_caixa.sql
==> 0019_comissao.sql
==> 0020_fila_de_trabalho.sql
==> 0021_ficha_do_cliente.sql
==> 0022_metas.sql
==> 0023_tolerancia_do_combo.sql
==> 0024_trilha_por_acao.sql
==> 0025_importacao_de_base.sql
==> 0026_plataforma.sql
==> 0027_metricas_da_plataforma.sql
==> 0028_flags_e_impersonacao.sql
==> 0029_assinatura.sql
==> 0030_cobranca.sql
==> 0031_psp.sql
==> 0032_rbac_editavel.sql
==> 0033_lgpd_consentimento.sql
==> 0034_lgpd_retencao.sql
==> 0035_seguranca.sql
==> 0036_cobranca_sem_id_vazio.sql
==> 0037_cobranca_da_comanda.sql
==> 0038_taxa_do_adquirente.sql
==> 0039_sinal_seletivo.sql
==> 0040_segundo_fator_opcional.sql
==> 0041_lista_de_espera.sql
==> 0042_oferta_de_vaga.sql
==> 0043_recados.sql
==> 0044_fidelidade.sql
==> 0045_pacotes.sql
==> 0046_avaliacoes.sql
==> 0047_estoque.sql
==> 0048_assinatura.sql
==> 0049_assinatura_restricoes.sql
==> 0050_cobranca_do_clube.sql
==> 0051_comissao_da_assinatura.sql
==> 0052_split.sql
==> 0053_kyc_e_liquidacao.sql
==> 0054_financeiro.sql
==> 0055_vale_dre_estorno.sql
==> 0056_fiscal.sql
==> 0057_fiscal_operacao.sql
==> 0058_whatsapp.sql
==> 0059_automacao.sql
==> 0060_campanhas.sql
==> 0061_multiunidade.sql
==> 0062_compartilhado.sql
==> 0063_score_condicional.sql
==> 0064_segmento.sql
==> 0065_recepcao.sql
==> 0066_precificacao.sql
==> 0067_vitrine.sql
==> 0068_proximo_horario.sql
==> 0069_atribuicao.sql
==> 0070_perfil_do_barbeiro.sql
==> 0071_portfolio.sql
==> 0072_destaque.sql
==> 0073_franquia.sql
==> 0074_franquia_indicadores.sql
==> 0075_api_publica.sql
==> 0076_webhooks.sql
==> 0077_contestacao.sql
==> 0078_isolamento.sql
==> 0079_revisao_lgpd.sql
==> 0080_plataforma_e_append_only.sql
==> 0081_contestacao_do_marketplace.sql
==> 0082_anonimizar_com_check.sql
==> 0083_recurso_fiscal.sql
==> 0084_escopos_do_whatsapp.sql
==> 0085_texto_escolhido.sql
==> 0086_publico_da_automacao.sql
==> 0087_toque_duplo_no_balcao.sql
==> 0088_texto_do_recurso_fiscal.sql
==> 0089_publico_do_churn.sql
==> 0090_comissao_por_unidade.sql
==> 0091_cascata_de_unidade.sql
==> 0092_movimento_com_unidade.sql
==> 0093_unidade_de_medida.sql
==> 0094_nota_em_voo.sql
==> 0095_unidade_de_insumo.sql
==> 0096_gorjeta_com_dono.sql
==> 0097_janela_ocupada.sql
==> 0098_meio_aceito.sql
==> 0099_estorno_online.sql
==> 0100_cobranca_paga_trava_reemissao.sql
==> 0101_refund_libera_nova_cobranca.sql
==> 0102_estorno_plataforma_recuperavel.sql
==> 0103_estorno_plataforma_idempotente.sql
==> 0104_whatsapp_avulso_idempotente.sql
==> 0105_kyc_recebedor_recuperavel.sql
==> 0106_notificacao_automatica_idempotente.sql
==> 0107_split_em_voo_recuperavel.sql
==> 0108_auditoria_profunda.sql
==> 0109_item_da_comanda_idempotente.sql
==> 0110_scheduling_concorrencia_recursos.sql
==> 0111_finance_estorno_concorrencia.sql
==> 0112_pacote_congelado_na_comanda.sql
==> 0113_crm_whatsapp_concorrencia.sql
==> 0114_catalogo_estrutura_onboarding.sql
==> 0115_platform_jobs_integracoes.sql
==> 0116_recheck_final_hardening.sql
==> 0117_anonimizacao_alcanca_intencoes.sql
==> 0118_aviso_de_link_atualizado.sql
==> 0119_comodidade_com_check.sql
==> 0120_cadastro_cartao_saas.sql
==> 0121_nfse_propria.sql
==> 0122_whatsapp_baileys.sql
==> 0123_automacao_no_dia.sql
==> 0124_rota_fiscal_reservada.sql
==> 0125_reserva_cobranca_saas.sql
==> 0126_oferta_entrega_recuperavel.sql
==> 0127_texto_fiscal_proprio.sql
==> 0128_nfse_nao_optante.sql
==> 0129_nfse_ibscbs.sql
==> 0130_cnpj_alfanumerico.sql
==> 0131_nfse_prova_assinatura.sql
==> 0132_whatsapp_manual.sql
==> 0133_nfse_iss_fora_das.sql
==> 0134_consentimento_whatsapp_cadastro.sql
==> 0135_nfse_federais_fora_das.sql
==> 0136_nfse_municipal_reaproveitada.sql
migrações aplicadas: 136
{"resultado":"passou","cenarios":["escolha de três modos e riscos/custos","cadastro Meta passo a passo com campos técnicos recolhidos","editor filtra botões e submete mensagem à fila","sem texto aprovado","campanha criada e consumida pelo domínio real","aceitação distinta de entrega/leitura","automação de aniversário","texto indisponível com orientação"],"larguras":[360,390,768,1280],"redeMeta":false,"transporte":"FakeWhatsAppProvider"}
